KishLattice Pipeline Run Log
============================================================
run_timestamp:   20260706_010536
vol_root:        C:\Users\timot\Downloads\Science\src\The_Sister_Papers
engine_version:  7ec3f687e97dbc53157f487b8d3c8028c78cb29cd07bf67abd2b4a5260366c03d5d1612f9caf57d6b0c21459cc7e1a582bf8bbb130a32607dec51771d0db37342556162df477b8cfd6768cf44ebe7dbaec5cc76ce4f3835fd5f8ef49e31f2837
stages:          pinch
started_utc:     2026-07-06 01:05:36 UTC
============================================================


============================================================
[2026-07-06 01:05:36 UTC] STAGE: PINCH
Compute z-scores and cross-domain pinch table
============================================================
[harmonic_targets.json] Loaded 23 registers (N=4 to N=26), container=24, threshold=0.05

============================================================
  [MONITORING TIP] Open a new terminal and run:
  python engine/sidecar.py
  to view the live parallel crunching dashboard.
============================================================

Loading unified master: C:\Users\timot\Downloads\Science\src\The_Sister_Papers\lakes\unified\unified_master.jsonl
  Loading records into memory. Please wait...
    -> Parsed 375,089 records...
    -> Parsed 749,583 records...
    -> Parsed 1,122,754 records...
    -> Parsed 1,495,889 records...
    -> Parsed 1,895,194 records...
    -> Parsed 2,427,497 records...
    -> Parsed 2,952,980 records...
    -> Parsed 3,356,416 records...
    -> Parsed 3,724,560 records...
    -> Parsed 4,093,777 records...
    -> Parsed 4,460,605 records...
    -> Parsed 4,829,019 records...

  Finished loading 4,927,648 total records.
  Compressing to 32-bit Numpy Arrays for Memory-Safe IPC...

Building pinch table in PARALLEL mode...

  Loading Chaos Nulls into memory...
  Finished loading Chaos Nulls.
  Loading Synthetic Nulls into memory...
  Finished loading Synthetic Nulls.
Resuming from checkpoint: C:\Users\timot\Downloads\Science\src\The_Sister_Papers\lakes\unified\pinch_state.json
Total Combinations: 690 | Remaining: 0

Saved: C:\Users\timot\Downloads\Science\src\The_Sister_Papers\lakes\unified\pinch_table_cross_domain.json

===================================================================================================================
                                              CROSS-DOMAIN PINCH TABLE                                             
Moduli: 4/pi=1.2732  5/pi=1.5915  6/pi=1.9099  7/pi=2.2282  8/pi=2.5465  9/pi=2.8648  10/pi=3.1831  11/pi=3.5014  12/pi=3.8197  13/pi=4.1380  14/pi=4.4563  15/pi=4.7746  16/pi=5.0930  17/pi=5.4113  18/pi=5.7296  19/pi=6.0479  20/pi=6.3662  21/pi=6.6845  22/pi=7.0028  23/pi=7.3211  24/pi=7.6394  25/pi=7.9577  26/pi=8.2761
                                  dist_lock (1=perfect) | Winner + best chaos_delta per pairing                                   
===================================================================================================================
Domain                            biology_backbone                        galactic                        nuclear_binding                         orbital                        stellar_kinematic                    stellar_rotation          
------------------------------------------------------------------------------------------------------------------------------------------------------------------------------------------------------------------------------------------------
biology_backbone                         -                      (0.998,0.998,0.999) d+0.009         (0.978,0.925,0.917) d-0.001         (0.989,0.991,0.995) d+0.017         (0.464,0.510,0.546) d-0.107         (0.994,0.998,0.992) d+0.009     
galactic                    (0.998,0.998,0.999) d+0.032                      -                      (0.978,0.923,0.917) d-0.001         (0.990,0.989,0.995) d+0.017         (0.464,0.510,0.546) d-0.108         (0.996,0.998,0.992) d+0.007     
nuclear_binding             (0.978,0.925,0.917) d+0.022         (0.978,0.923,0.917) d+0.008                      -                      (0.971,0.930,0.918) d+0.037         (0.461,0.505,0.547) d-0.084         (0.976,0.925,0.911) d+0.008     
orbital                     (0.989,0.991,0.995) d+0.031         (0.990,0.989,0.995) d+0.005         (0.971,0.930,0.918) d+0.013                      -                      (0.465,0.510,0.546) d-0.107         (0.992,0.989,0.989) d+0.011     
stellar_kinematic           (0.464,0.510,0.546) d+0.000         (0.464,0.510,0.546) d+0.002         (0.461,0.505,0.547) d+0.006         (0.465,0.510,0.546) d+0.001                      -                      (0.464,0.510,0.546) d+0.001     
stellar_rotation            (0.994,0.998,0.992) d+0.027         (0.996,0.998,0.992) d+0.010         (0.976,0.925,0.911) d-0.002         (0.992,0.989,0.989) d+0.013         (0.464,0.510,0.546) d-0.108                      -                  

--- WINNER PER PAIRING ---
  biology_backbone x galactic: 6/pi  score=0.9992  chaos_delta=+0.0010
  biology_backbone x nuclear_binding: 4/pi  score=0.9783  chaos_delta=-0.0007
  biology_backbone x orbital: 6/pi  score=0.9952  chaos_delta=-0.0030
  biology_backbone x stellar_kinematic: 26/pi  score=0.7439  chaos_delta=-0.1072
  biology_backbone x stellar_rotation: 5/pi  score=0.9975  chaos_delta=+0.0046
  galactic x nuclear_binding: 4/pi  score=0.9776  chaos_delta=-0.0012
  galactic x orbital: 6/pi  score=0.9951  chaos_delta=-0.0036
  galactic x stellar_kinematic: 26/pi  score=0.7413  chaos_delta=-0.1078
  galactic x stellar_rotation: 5/pi  score=0.9980  chaos_delta=+0.0068
  nuclear_binding x orbital: 4/pi  score=0.9712  chaos_delta=-0.0066
  nuclear_binding x stellar_kinematic: 23/pi  score=0.7290  chaos_delta=-0.0842
  nuclear_binding x stellar_rotation: 4/pi  score=0.9760  chaos_delta=+0.0015
  orbital x stellar_kinematic: 26/pi  score=0.7421  chaos_delta=-0.1070
  orbital x stellar_rotation: 15/pi  score=0.9934  chaos_delta=+0.0020
  stellar_kinematic x stellar_rotation: 26/pi  score=0.7413  chaos_delta=+0.0001

--- PER-DOMAIN DUAL Z-SCORES (Chaos | Synthetic) ---
  Domain                           4/pi       5/pi       6/pi       7/pi       8/pi       9/pi      10/pi      11/pi      12/pi      13/pi      14/pi      15/pi      16/pi      17/pi      18/pi      19/pi      20/pi      21/pi      22/pi      23/pi      24/pi      25/pi      26/pi   Best   Interpretation
  -------------------------- ---------- ---------- ---------- ---------- ---------- ---------- ---------- ---------- ---------- ---------- ---------- ---------- ---------- ---------- ---------- ---------- ---------- ---------- ---------- ---------- ---------- ---------- ----------  ------  --------------------
     1  nuclear_binding                        43  computing...  ETA: estimating...
     1  nuclear_binding              43 |  0.4|1.2  -0.8|-0.1 -1.1|-0.6 -0.3|0.3   1.2|2.1  -1.3|-0.4 -0.6|-0.0 -0.7|-0.1 -1.6|-0.9  2.4|3.4  -2.4|-1.8  5.2|0.0  -1.1|-0.5  0.9|1.4  -2.1|-1.7 -1.6|-0.9  0.4|0.8   6.9|1.0  -1.6|-0.9 -1.6|-1.1 -1.1|-0.8  1.6|2.3   4.2|4.5   21/pi   STRONG signal
     2  stellar_rotation                    2,527  computing...  ETA: 0s
     2  stellar_rotation          2,527 | -0.5|0.0  -0.3|-0.2  0.6|1.4  -1.3|-3.7 -2.3|-2.2 -1.0|-0.6  0.4|0.1  -0.5|-0.1  0.1|0.6   0.7|1.2   0.9|-2.0 -0.7|-0.2 -2.4|-2.1 -0.6|-0.3  1.0|1.7  -1.1|-1.2 -0.7|-1.3  0.4|0.9   0.7|1.5  -0.1|0.5   0.2|1.4  -1.7|-0.8 -1.3|-0.9  18/pi   noise floor
     3  orbital                            13,514  computing...  ETA: 0s
     3  orbital                  13,514 | -3.3|-3.2  6.3|7.9  -3.9|-3.4  1.4|1.7   1.9|2.5  -3.1|-2.9 17.2|19.2 18.8|20.6 -15.5|-14.7 -8.6|-9.7 -2.6|-1.9  6.4|6.8   4.9|5.2  -10.0|-9.4 -11.5|-13.0 -12.4|-11.3 -2.5|-2.1 -15.7|-14.6 27.6|31.5 -8.7|-10.5 -10.3|-9.7 -4.7|-4.6 -13.6|-15.9  22/pi   STRONG signal
     4  biology_backbone                1,259,889  computing...  ETA: 1s
     4  biology_backbone       1,259,889 | -6.0|33.0 -3.6|38.1 -6.6|33.8 -16.2|24.3  2.4|40.6 -0.1|38.2 -16.5|19.2 -23.5|11.9 25.3|52.4  9.9|44.3  5.4|35.8 33.8|70.2 61.0|-250.8 -34.7|-8.9 -6.6|21.6 39.7|79.4 -42.8|-308.5 16.7|41.2 -5.8|28.8 -28.5|-5.9 40.2|-224.4 53.4|76.7 -23.9|-1.9  16/pi   STRONG signal
     5  stellar_kinematic               1,808,145  computing...  ETA: 42s
     5  stellar_kinematic      1,808,145 | -15.2|48.8  0.7|54.8 -10.9|53.6 -76.3|-19.0 -22.3|33.6 -73.2|-14.0 -85.8|-33.6 -54.5|7.7  79.2|144.5 -38.3|21.0 -56.6|-6.4 98.1|173.7 101.2|144.5 -11.6|51.5 -38.6|26.2 -47.8|7.9  -61.6|-1.4 -62.7|-20.1 -91.9|-20.8 -85.0|-21.1 -85.4|-38.0 -85.6|-27.2 -88.6|-45.6  16/pi   STRONG signal
     6  galactic                        1,843,110  computing...  ETA: 41s
     6  galactic               1,843,110 | -2.1|0.6   1.5|0.5  -9.2|7.9  11.0|-0.8 -13.0|4.1   9.5|12.5 -20.1|-1.5 -19.6|-0.6 -8.2|9.7  -8.0|1.2   5.0|-33.2 32.8|-4.4 19.3|4.7  -15.7|-4.9 -9.9|27.9  8.9|2.9  -14.9|3.2  55.2|14.4 -65.9|-12.8 36.3|33.1 -34.4|-29.3  7.4|41.7 -36.8|-0.8  21/pi   STRONG signal

  Z-score stage complete: 5m 28s total  | avg 54.76s per domain  | 328.5s wall time

  [z_scores_master.json written -> C:\Users\timot\Downloads\Science\src\The_Sister_Papers\lakes\unified\z_scores_master.json]

[2026-07-06 01:12:07 UTC] STAGE COMPLETE: pinch in 6m 30s

============================================================
[2026-07-06 01:12:07 UTC] PIPELINE COMPLETE
  Total runtime: 6m 30s
  Log file:      lakes\logs\run_20260706_010536.log

  Stage summary:
    [OK]   pinch        6m 30s

  Engine fingerprint: 7ec3f687e97dbc53157f487b8d3c8028c78cb29cd07bf67abd2b4a5260366c03
                      d5d1612f9caf57d6b0c21459cc7e1a582bf8bbb130a32607dec51771d0db3734
                      2556162df477b8cfd6768cf44ebe7dbaec5cc76ce4f3835fd5f8ef49e31f2837
============================================================
