KishLattice Pipeline Run Log
============================================================
run_timestamp:   20260706_005911
vol_root:        C:\Users\timot\Downloads\Science\src\The_Sister_Papers
engine_version:  7ec3f687e97dbc53157f487b8d3c8028c78cb29cd07bf67abd2b4a5260366c03d5d1612f9caf57d6b0c21459cc7e1a582bf8bbb130a32607dec51771d0db37342556162df477b8cfd6768cf44ebe7dbaec5cc76ce4f3835fd5f8ef49e31f2837
stages:          pinch
started_utc:     2026-07-06 00:59:11 UTC
============================================================


============================================================
[2026-07-06 00:59:11 UTC] STAGE: PINCH
Compute z-scores and cross-domain pinch table
============================================================
[harmonic_targets.json] Loaded 23 registers (N=4 to N=26), container=24, threshold=0.05

============================================================
  [MONITORING TIP] Open a new terminal and run:
  python engine/sidecar.py
  to view the live parallel crunching dashboard.
============================================================

Loading unified master: C:\Users\timot\Downloads\Science\src\The_Sister_Papers\lakes\unified\unified_master.jsonl
  Loading records into memory. Please wait...
    -> Parsed 375,080 records...
    -> Parsed 754,362 records...
    -> Parsed 1,131,920 records...
    -> Parsed 1,508,320 records...
    -> Parsed 1,919,376 records...
    -> Parsed 2,442,718 records...
    -> Parsed 2,965,234 records...
    -> Parsed 3,370,192 records...
    -> Parsed 3,743,643 records...
    -> Parsed 4,116,493 records...
    -> Parsed 4,489,552 records...
    -> Parsed 4,860,049 records...

  Finished loading 4,927,648 total records.
  Compressing to 32-bit Numpy Arrays for Memory-Safe IPC...

Building pinch table in PARALLEL mode...

  Loading Chaos Nulls into memory...
  Finished loading Chaos Nulls.
  Loading Synthetic Nulls into memory...
  Finished loading Synthetic Nulls.
Resuming from checkpoint: C:\Users\timot\Downloads\Science\src\The_Sister_Papers\lakes\unified\pinch_state.json
Total Combinations: 690 | Remaining: 0

Saved: C:\Users\timot\Downloads\Science\src\The_Sister_Papers\lakes\unified\pinch_table_cross_domain.json

===================================================================================================================
                                              CROSS-DOMAIN PINCH TABLE                                             
Moduli: 4/pi=1.2732  5/pi=1.5915  6/pi=1.9099  7/pi=2.2282  8/pi=2.5465  9/pi=2.8648  10/pi=3.1831  11/pi=3.5014  12/pi=3.8197  13/pi=4.1380  14/pi=4.4563  15/pi=4.7746  16/pi=5.0930  17/pi=5.4113  18/pi=5.7296  19/pi=6.0479  20/pi=6.3662  21/pi=6.6845  22/pi=7.0028  23/pi=7.3211  24/pi=7.6394  25/pi=7.9577  26/pi=8.2761
                                  dist_lock (1=perfect) | Winner + best chaos_delta per pairing                                   
===================================================================================================================
Domain                            biology_backbone                        galactic                        nuclear_binding                         orbital                        stellar_kinematic                    stellar_rotation          
------------------------------------------------------------------------------------------------------------------------------------------------------------------------------------------------------------------------------------------------
biology_backbone                         -                      (0.998,0.998,0.999) d+0.009         (0.978,0.925,0.917) d-0.001         (0.989,0.991,0.995) d+0.017         (0.464,0.510,0.546) d-0.107         (0.994,0.998,0.992) d+0.009     
galactic                    (0.998,0.998,0.999) d+0.032                      -                      (0.978,0.923,0.917) d-0.001         (0.990,0.989,0.995) d+0.017         (0.464,0.510,0.546) d-0.108         (0.996,0.998,0.992) d+0.007     
nuclear_binding             (0.978,0.925,0.917) d+0.022         (0.978,0.923,0.917) d+0.008                      -                      (0.971,0.930,0.918) d+0.037         (0.461,0.505,0.547) d-0.084         (0.976,0.925,0.911) d+0.008     
orbital                     (0.989,0.991,0.995) d+0.031         (0.990,0.989,0.995) d+0.005         (0.971,0.930,0.918) d+0.013                      -                      (0.465,0.510,0.546) d-0.107         (0.992,0.989,0.989) d+0.011     
stellar_kinematic           (0.464,0.510,0.546) d+0.000         (0.464,0.510,0.546) d+0.002         (0.461,0.505,0.547) d+0.006         (0.465,0.510,0.546) d+0.001                      -                      (0.464,0.510,0.546) d+0.001     
stellar_rotation            (0.994,0.998,0.992) d+0.027         (0.996,0.998,0.992) d+0.010         (0.976,0.925,0.911) d-0.002         (0.992,0.989,0.989) d+0.013         (0.464,0.510,0.546) d-0.108                      -                  

--- WINNER PER PAIRING ---
  biology_backbone x galactic: 6/pi  score=0.9992  chaos_delta=+0.0010
  biology_backbone x nuclear_binding: 4/pi  score=0.9783  chaos_delta=-0.0007
  biology_backbone x orbital: 6/pi  score=0.9952  chaos_delta=-0.0030
  biology_backbone x stellar_kinematic: 26/pi  score=0.7439  chaos_delta=-0.1072
  biology_backbone x stellar_rotation: 5/pi  score=0.9975  chaos_delta=+0.0046
  galactic x nuclear_binding: 4/pi  score=0.9776  chaos_delta=-0.0012
  galactic x orbital: 6/pi  score=0.9951  chaos_delta=-0.0036
  galactic x stellar_kinematic: 26/pi  score=0.7413  chaos_delta=-0.1078
  galactic x stellar_rotation: 5/pi  score=0.9980  chaos_delta=+0.0068
  nuclear_binding x orbital: 4/pi  score=0.9712  chaos_delta=-0.0066
  nuclear_binding x stellar_kinematic: 23/pi  score=0.7290  chaos_delta=-0.0842
  nuclear_binding x stellar_rotation: 4/pi  score=0.9760  chaos_delta=+0.0015
  orbital x stellar_kinematic: 26/pi  score=0.7421  chaos_delta=-0.1070
  orbital x stellar_rotation: 15/pi  score=0.9934  chaos_delta=+0.0020
  stellar_kinematic x stellar_rotation: 26/pi  score=0.7413  chaos_delta=+0.0001

--- PER-DOMAIN DUAL Z-SCORES (Chaos | Synthetic) ---
  Domain                           4/pi       5/pi       6/pi       7/pi       8/pi       9/pi      10/pi      11/pi      12/pi      13/pi      14/pi      15/pi      16/pi      17/pi      18/pi      19/pi      20/pi      21/pi      22/pi      23/pi      24/pi      25/pi      26/pi   Best   Interpretation
  -------------------------- ---------- ---------- ---------- ---------- ---------- ---------- ---------- ---------- ---------- ---------- ---------- ---------- ---------- ---------- ---------- ---------- ---------- ---------- ---------- ---------- ---------- ---------- ----------  ------  --------------------
     1  nuclear_binding                        43  computing...  ETA: estimating...
     1  nuclear_binding              43 |  0.6|1.2  -0.5|-0.1 -1.2|-0.7 -0.5|0.6   1.3|2.0  -1.3|-0.5 -0.7|-0.0 -0.2|0.2  -1.8|-0.9  2.4|3.5  -2.0|-1.9  5.9|-0.1 -0.9|-0.5  0.9|1.4  -2.1|-1.6 -1.8|-1.0  0.1|0.9   7.2|1.1  -1.7|-0.9 -1.5|-1.2 -1.2|-0.8  1.5|2.3   4.2|4.1   21/pi   STRONG signal
     2  stellar_rotation                    2,527  computing...  ETA: 0s
     2  stellar_rotation          2,527 | -0.6|0.1  -0.4|0.1   0.8|1.4  -1.2|-4.9 -2.3|-2.2 -1.0|-0.4  0.2|0.1  -0.6|0.1  -0.0|0.4   0.8|1.5   1.0|-2.1 -0.6|-0.2 -2.5|-2.6 -0.6|-0.3  0.8|1.6  -1.0|-1.3 -1.3|-1.2  0.3|1.0   0.6|1.2   0.0|0.4   0.2|1.4  -1.4|-0.8 -1.2|-0.8  14/pi   noise floor
     3  orbital                            13,514  computing...  ETA: 0s
     3  orbital                  13,514 | -3.5|-3.5  6.0|6.0  -4.1|-3.8  1.5|1.9   1.5|2.3  -3.5|-3.3 17.8|16.6 19.4|18.3 -16.0|-15.7 -9.1|-8.7 -2.7|-1.8  6.9|7.1   6.6|5.2  -10.1|-9.7 -10.0|-14.3 -12.7|-10.8 -2.6|-2.1 -15.8|-15.4 35.5|30.9 -10.1|-9.8 -10.2|-11.0 -4.4|-5.3 -14.5|-15.4  22/pi   STRONG signal
     4  biology_backbone                1,259,889  computing...  ETA: 1s
     4  biology_backbone       1,259,889 | -6.0|25.8 -3.7|36.1 -6.3|35.9 -13.1|27.0  2.3|38.1 -0.2|36.2 -19.7|15.5 -24.6|10.2 21.9|55.6  8.2|42.7  6.2|41.7 38.9|69.5 48.1|-206.0 -39.5|-8.8 -6.2|25.0 46.0|83.4 -44.9|-309.3 15.7|41.2 -5.9|27.8 -31.2|-5.2 42.7|-207.7 53.6|77.3 -21.0|-2.3  25/pi   STRONG signal
     5  stellar_kinematic               1,808,145  computing...  ETA: 41s
     5  stellar_kinematic      1,808,145 | -16.2|51.9  0.6|58.7 -9.3|49.6 -70.7|-17.5 -25.5|37.3 -80.3|-17.0 -100.8|-33.4 -58.5|7.3  85.5|163.9 -40.4|23.2 -65.1|-6.4 93.7|175.9 92.3|170.1 -10.9|50.4 -36.5|23.0 -50.5|8.0  -53.8|-1.4 -65.1|-21.6 -87.2|-18.0 -80.8|-20.0 -77.6|-49.4 -95.7|-32.0 -90.9|-39.5  15/pi   STRONG signal
     6  galactic                        1,843,110  computing...  ETA: 40s
     6  galactic               1,843,110 | -2.4|0.9   1.9|0.5  -10.1|8.5  11.3|-0.8 -12.7|3.9   8.7|13.0 -20.1|-1.7 -20.5|-0.7 -7.8|8.6  -7.1|1.4   4.3|-26.1 32.7|-4.1 17.0|4.7  -18.4|-4.3 -10.3|28.2  8.1|2.6  -11.9|3.0  56.8|14.3 -81.9|-16.2 31.0|34.3 -33.9|-31.5  7.0|40.4 -34.2|-1.0  21/pi   STRONG signal

  Z-score stage complete: 5m 23s total  | avg 53.89s per domain  | 323.3s wall time

  [z_scores_master.json written -> C:\Users\timot\Downloads\Science\src\The_Sister_Papers\lakes\unified\z_scores_master.json]

[2026-07-06 01:05:36 UTC] STAGE COMPLETE: pinch in 6m 25s

============================================================
[2026-07-06 01:05:36 UTC] PIPELINE COMPLETE
  Total runtime: 6m 25s
  Log file:      lakes\logs\run_20260706_005911.log

  Stage summary:
    [OK]   pinch        6m 25s

  Engine fingerprint: 7ec3f687e97dbc53157f487b8d3c8028c78cb29cd07bf67abd2b4a5260366c03
                      d5d1612f9caf57d6b0c21459cc7e1a582bf8bbb130a32607dec51771d0db3734
                      2556162df477b8cfd6768cf44ebe7dbaec5cc76ce4f3835fd5f8ef49e31f2837
============================================================
