KishLattice Pipeline Run Log
============================================================
run_timestamp:   20260705_233657
vol_root:        C:\Users\timot\Downloads\Science\src\The_Sister_Papers
engine_version:  7ec3f687e97dbc53157f487b8d3c8028c78cb29cd07bf67abd2b4a5260366c03d5d1612f9caf57d6b0c21459cc7e1a582bf8bbb130a32607dec51771d0db37342556162df477b8cfd6768cf44ebe7dbaec5cc76ce4f3835fd5f8ef49e31f2837
stages:          pinch
started_utc:     2026-07-05 23:36:57 UTC
============================================================


============================================================
[2026-07-05 23:36:57 UTC] STAGE: PINCH
Compute z-scores and cross-domain pinch table
============================================================
[harmonic_targets.json] Loaded 23 registers (N=4 to N=26), container=24, threshold=0.05

============================================================
  [MONITORING TIP] Open a new terminal and run:
  python engine/sidecar.py
  to view the live parallel crunching dashboard.
============================================================

Loading unified master: C:\Users\timot\Downloads\Science\src\The_Sister_Papers\lakes\unified\unified_master.jsonl
  Loading records into memory. Please wait...
    -> Parsed 378,021 records...
    -> Parsed 757,507 records...
    -> Parsed 1,135,967 records...
    -> Parsed 1,512,690 records...
    -> Parsed 1,928,706 records...
    -> Parsed 2,439,519 records...
    -> Parsed 2,942,490 records...
    -> Parsed 3,334,470 records...
    -> Parsed 3,684,733 records...
    -> Parsed 4,037,990 records...
    -> Parsed 4,390,274 records...
    -> Parsed 4,739,884 records...

  Finished loading 4,927,648 total records.
  Compressing to 32-bit Numpy Arrays for Memory-Safe IPC...

Building pinch table in PARALLEL mode...

  Loading Chaos Nulls into memory...
  Finished loading Chaos Nulls.
  Loading Synthetic Nulls into memory...
  Finished loading Synthetic Nulls.
Resuming from checkpoint: C:\Users\timot\Downloads\Science\src\The_Sister_Papers\lakes\unified\pinch_state.json
Total Combinations: 690 | Remaining: 0

Saved: C:\Users\timot\Downloads\Science\src\The_Sister_Papers\lakes\unified\pinch_table_cross_domain.json

===================================================================================================================
                                              CROSS-DOMAIN PINCH TABLE                                             
Moduli: 4/pi=1.2732  5/pi=1.5915  6/pi=1.9099  7/pi=2.2282  8/pi=2.5465  9/pi=2.8648  10/pi=3.1831  11/pi=3.5014  12/pi=3.8197  13/pi=4.1380  14/pi=4.4563  15/pi=4.7746  16/pi=5.0930  17/pi=5.4113  18/pi=5.7296  19/pi=6.0479  20/pi=6.3662  21/pi=6.6845  22/pi=7.0028  23/pi=7.3211  24/pi=7.6394  25/pi=7.9577  26/pi=8.2761
                                  dist_lock (1=perfect) | Winner + best chaos_delta per pairing                                   
===================================================================================================================
Domain                            biology_backbone                        galactic                        nuclear_binding                         orbital                        stellar_kinematic                    stellar_rotation          
------------------------------------------------------------------------------------------------------------------------------------------------------------------------------------------------------------------------------------------------
biology_backbone                         -                      (0.998,0.998,0.999) d+0.009         (0.978,0.925,0.917) d-0.001         (0.989,0.991,0.995) d+0.017         (0.464,0.510,0.546) d-0.107         (0.994,0.998,0.992) d+0.009     
galactic                    (0.998,0.998,0.999) d+0.032                      -                      (0.978,0.923,0.917) d-0.001         (0.990,0.989,0.995) d+0.017         (0.464,0.510,0.546) d-0.108         (0.996,0.998,0.992) d+0.007     
nuclear_binding             (0.978,0.925,0.917) d+0.022         (0.978,0.923,0.917) d+0.008                      -                      (0.971,0.930,0.918) d+0.037         (0.461,0.505,0.547) d-0.084         (0.976,0.925,0.911) d+0.008     
orbital                     (0.989,0.991,0.995) d+0.031         (0.990,0.989,0.995) d+0.005         (0.971,0.930,0.918) d+0.013                      -                      (0.465,0.510,0.546) d-0.107         (0.992,0.989,0.989) d+0.011     
stellar_kinematic           (0.464,0.510,0.546) d+0.000         (0.464,0.510,0.546) d+0.002         (0.461,0.505,0.547) d+0.006         (0.465,0.510,0.546) d+0.001                      -                      (0.464,0.510,0.546) d+0.001     
stellar_rotation            (0.994,0.998,0.992) d+0.027         (0.996,0.998,0.992) d+0.010         (0.976,0.925,0.911) d-0.002         (0.992,0.989,0.989) d+0.013         (0.464,0.510,0.546) d-0.108                      -                  

--- WINNER PER PAIRING ---
  biology_backbone x galactic: 6/pi  score=0.9992  chaos_delta=+0.0010
  biology_backbone x nuclear_binding: 4/pi  score=0.9783  chaos_delta=-0.0007
  biology_backbone x orbital: 6/pi  score=0.9952  chaos_delta=-0.0030
  biology_backbone x stellar_kinematic: 26/pi  score=0.7439  chaos_delta=-0.1072
  biology_backbone x stellar_rotation: 5/pi  score=0.9975  chaos_delta=+0.0046
  galactic x nuclear_binding: 4/pi  score=0.9776  chaos_delta=-0.0012
  galactic x orbital: 6/pi  score=0.9951  chaos_delta=-0.0036
  galactic x stellar_kinematic: 26/pi  score=0.7413  chaos_delta=-0.1078
  galactic x stellar_rotation: 5/pi  score=0.9980  chaos_delta=+0.0068
  nuclear_binding x orbital: 4/pi  score=0.9712  chaos_delta=-0.0066
  nuclear_binding x stellar_kinematic: 23/pi  score=0.7290  chaos_delta=-0.0842
  nuclear_binding x stellar_rotation: 4/pi  score=0.9760  chaos_delta=+0.0015
  orbital x stellar_kinematic: 26/pi  score=0.7421  chaos_delta=-0.1070
  orbital x stellar_rotation: 15/pi  score=0.9934  chaos_delta=+0.0020
  stellar_kinematic x stellar_rotation: 26/pi  score=0.7413  chaos_delta=+0.0001

--- PER-DOMAIN DUAL Z-SCORES (Chaos | Synthetic) ---
  Domain                           4/pi       5/pi       6/pi       7/pi       8/pi       9/pi      10/pi      11/pi      12/pi      13/pi      14/pi      15/pi      16/pi      17/pi      18/pi      19/pi      20/pi      21/pi      22/pi      23/pi      24/pi      25/pi      26/pi   Best   Interpretation
  -------------------------- ---------- ---------- ---------- ---------- ---------- ---------- ---------- ---------- ---------- ---------- ---------- ---------- ---------- ---------- ---------- ---------- ---------- ---------- ---------- ---------- ---------- ---------- ----------  ------  --------------------
     1  nuclear_binding                        43  computing...  ETA: estimating...
     1  nuclear_binding              43 |  0.3|1.1  -0.9|-0.2 -1.3|-0.6 -0.2|0.4   1.4|1.8  -1.0|-0.5 -0.7|-0.1 -0.5|0.1  -1.7|-0.9  2.8|3.7  -2.0|-1.8  5.4|-0.0 -0.9|-0.4  0.9|1.2  -2.5|-1.5 -1.6|-1.3  0.0|0.7   6.7|1.0  -1.8|-0.9 -1.6|-1.0 -1.1|-0.9  1.8|2.4   4.1|4.7   21/pi   STRONG signal
     2  stellar_rotation                    2,527  computing...  ETA: 0s
     2  stellar_rotation          2,527 | -0.2|0.1  -0.5|0.0   0.8|1.3  -1.3|-4.4 -2.9|-2.5 -1.1|-0.6  0.3|0.0  -0.6|0.2  -0.1|0.4   0.8|1.3   1.0|-2.3 -0.5|-0.2 -2.8|-2.3 -0.4|0.1   0.9|1.8  -1.2|-1.1 -0.9|-1.5  0.3|1.0   0.6|1.6  -0.0|0.3   0.2|1.1  -1.6|-0.8 -1.2|-0.9  14/pi   noise floor
     3  orbital                            13,514  computing...  ETA: 0s
     3  orbital                  13,514 | -3.6|-3.5  5.8|7.3  -3.7|-3.1  1.3|2.0   2.2|2.2  -3.3|-3.3 16.1|19.0 21.1|19.8 -14.3|-14.1 -10.3|-9.7 -2.3|-2.1  6.5|7.0   5.5|4.7  -10.2|-10.3 -11.1|-14.2 -11.6|-10.8 -2.6|-2.0 -15.7|-18.8 28.7|32.6 -9.6|-9.9 -9.7|-11.1 -4.1|-4.7 -13.7|-15.9  22/pi   STRONG signal
     4  biology_backbone                1,259,889  computing...  ETA: 1s
     4  biology_backbone       1,259,889 | -6.2|27.2 -3.5|42.1 -6.1|26.7 -14.3|25.5  2.3|42.8 -0.2|37.5 -19.9|16.8 -24.6|11.6 21.2|55.7 10.6|47.9  5.6|42.1 37.8|77.0 60.0|-219.2 -36.8|-9.3 -6.2|22.7 40.9|69.8 -39.4|-299.7 14.7|48.9 -6.1|22.2 -30.1|-5.6 44.4|-234.2 48.8|75.8 -23.2|-2.2  16/pi   STRONG signal
     5  stellar_kinematic               1,808,145  computing...  ETA: 42s
     5  stellar_kinematic      1,808,145 | -13.4|51.2  0.6|67.9 -12.0|55.8 -71.3|-18.1 -25.4|35.3 -86.4|-15.2 -100.3|-35.3 -59.3|8.3  75.5|135.2 -41.4|18.6 -54.3|-7.2 93.6|172.3 87.1|151.1 -11.9|49.6 -42.6|23.3 -49.5|9.8  -64.1|-1.3 -62.0|-22.6 -79.2|-16.7 -81.1|-19.5 -86.7|-37.3 -92.2|-29.6 -85.5|-41.7  15/pi   STRONG signal
     6  galactic                        1,843,110  computing...  ETA: 41s
     6  galactic               1,843,110 | -2.4|0.8   1.4|0.6  -10.0|7.1  10.8|-0.9 -12.3|4.0   8.3|14.7 -17.9|-1.7 -21.3|-0.4 -9.9|10.1 -8.2|1.3   5.1|-28.4 37.2|-4.4 16.4|3.8  -17.5|-5.0 -11.7|29.0  8.2|2.8  -12.7|3.7  53.4|15.0 -73.5|-12.9 39.9|28.2 -34.5|-36.9  6.9|41.1 -31.7|-1.0  21/pi   STRONG signal

  Z-score stage complete: 5m 31s total  | avg 55.25s per domain  | 331.5s wall time

  [z_scores_master.json written -> C:\Users\timot\Downloads\Science\src\The_Sister_Papers\lakes\unified\z_scores_master.json]

[2026-07-05 23:43:33 UTC] STAGE COMPLETE: pinch in 6m 35s

============================================================
[2026-07-05 23:43:33 UTC] PIPELINE COMPLETE
  Total runtime: 6m 35s
  Log file:      lakes\logs\run_20260705_233657.log

  Stage summary:
    [OK]   pinch        6m 35s

  Engine fingerprint: 7ec3f687e97dbc53157f487b8d3c8028c78cb29cd07bf67abd2b4a5260366c03
                      d5d1612f9caf57d6b0c21459cc7e1a582bf8bbb130a32607dec51771d0db3734
                      2556162df477b8cfd6768cf44ebe7dbaec5cc76ce4f3835fd5f8ef49e31f2837
============================================================
