KishLattice Pipeline Run Log
============================================================
run_timestamp:   20260706_001413
vol_root:        C:\Users\timot\Downloads\Science\src\The_Sister_Papers
engine_version:  7ec3f687e97dbc53157f487b8d3c8028c78cb29cd07bf67abd2b4a5260366c03d5d1612f9caf57d6b0c21459cc7e1a582bf8bbb130a32607dec51771d0db37342556162df477b8cfd6768cf44ebe7dbaec5cc76ce4f3835fd5f8ef49e31f2837
stages:          pinch
started_utc:     2026-07-06 00:14:13 UTC
============================================================


============================================================
[2026-07-06 00:14:13 UTC] STAGE: PINCH
Compute z-scores and cross-domain pinch table
============================================================
[harmonic_targets.json] Loaded 23 registers (N=4 to N=26), container=24, threshold=0.05

============================================================
  [MONITORING TIP] Open a new terminal and run:
  python engine/sidecar.py
  to view the live parallel crunching dashboard.
============================================================

Loading unified master: C:\Users\timot\Downloads\Science\src\The_Sister_Papers\lakes\unified\unified_master.jsonl
  Loading records into memory. Please wait...
    -> Parsed 379,561 records...
    -> Parsed 759,320 records...
    -> Parsed 1,135,991 records...
    -> Parsed 1,512,297 records...
    -> Parsed 1,925,799 records...
    -> Parsed 2,461,110 records...
    -> Parsed 2,993,115 records...
    -> Parsed 3,387,235 records...
    -> Parsed 3,757,367 records...
    -> Parsed 4,129,592 records...
    -> Parsed 4,500,521 records...
    -> Parsed 4,869,732 records...

  Finished loading 4,927,648 total records.
  Compressing to 32-bit Numpy Arrays for Memory-Safe IPC...

Building pinch table in PARALLEL mode...

  Loading Chaos Nulls into memory...
  Finished loading Chaos Nulls.
  Loading Synthetic Nulls into memory...
  Finished loading Synthetic Nulls.
Resuming from checkpoint: C:\Users\timot\Downloads\Science\src\The_Sister_Papers\lakes\unified\pinch_state.json
Total Combinations: 690 | Remaining: 0

Saved: C:\Users\timot\Downloads\Science\src\The_Sister_Papers\lakes\unified\pinch_table_cross_domain.json

===================================================================================================================
                                              CROSS-DOMAIN PINCH TABLE                                             
Moduli: 4/pi=1.2732  5/pi=1.5915  6/pi=1.9099  7/pi=2.2282  8/pi=2.5465  9/pi=2.8648  10/pi=3.1831  11/pi=3.5014  12/pi=3.8197  13/pi=4.1380  14/pi=4.4563  15/pi=4.7746  16/pi=5.0930  17/pi=5.4113  18/pi=5.7296  19/pi=6.0479  20/pi=6.3662  21/pi=6.6845  22/pi=7.0028  23/pi=7.3211  24/pi=7.6394  25/pi=7.9577  26/pi=8.2761
                                  dist_lock (1=perfect) | Winner + best chaos_delta per pairing                                   
===================================================================================================================
Domain                            biology_backbone                        galactic                        nuclear_binding                         orbital                        stellar_kinematic                    stellar_rotation          
------------------------------------------------------------------------------------------------------------------------------------------------------------------------------------------------------------------------------------------------
biology_backbone                         -                      (0.998,0.998,0.999) d+0.009         (0.978,0.925,0.917) d-0.001         (0.989,0.991,0.995) d+0.017         (0.464,0.510,0.546) d-0.107         (0.994,0.998,0.992) d+0.009     
galactic                    (0.998,0.998,0.999) d+0.032                      -                      (0.978,0.923,0.917) d-0.001         (0.990,0.989,0.995) d+0.017         (0.464,0.510,0.546) d-0.108         (0.996,0.998,0.992) d+0.007     
nuclear_binding             (0.978,0.925,0.917) d+0.022         (0.978,0.923,0.917) d+0.008                      -                      (0.971,0.930,0.918) d+0.037         (0.461,0.505,0.547) d-0.084         (0.976,0.925,0.911) d+0.008     
orbital                     (0.989,0.991,0.995) d+0.031         (0.990,0.989,0.995) d+0.005         (0.971,0.930,0.918) d+0.013                      -                      (0.465,0.510,0.546) d-0.107         (0.992,0.989,0.989) d+0.011     
stellar_kinematic           (0.464,0.510,0.546) d+0.000         (0.464,0.510,0.546) d+0.002         (0.461,0.505,0.547) d+0.006         (0.465,0.510,0.546) d+0.001                      -                      (0.464,0.510,0.546) d+0.001     
stellar_rotation            (0.994,0.998,0.992) d+0.027         (0.996,0.998,0.992) d+0.010         (0.976,0.925,0.911) d-0.002         (0.992,0.989,0.989) d+0.013         (0.464,0.510,0.546) d-0.108                      -                  

--- WINNER PER PAIRING ---
  biology_backbone x galactic: 6/pi  score=0.9992  chaos_delta=+0.0010
  biology_backbone x nuclear_binding: 4/pi  score=0.9783  chaos_delta=-0.0007
  biology_backbone x orbital: 6/pi  score=0.9952  chaos_delta=-0.0030
  biology_backbone x stellar_kinematic: 26/pi  score=0.7439  chaos_delta=-0.1072
  biology_backbone x stellar_rotation: 5/pi  score=0.9975  chaos_delta=+0.0046
  galactic x nuclear_binding: 4/pi  score=0.9776  chaos_delta=-0.0012
  galactic x orbital: 6/pi  score=0.9951  chaos_delta=-0.0036
  galactic x stellar_kinematic: 26/pi  score=0.7413  chaos_delta=-0.1078
  galactic x stellar_rotation: 5/pi  score=0.9980  chaos_delta=+0.0068
  nuclear_binding x orbital: 4/pi  score=0.9712  chaos_delta=-0.0066
  nuclear_binding x stellar_kinematic: 23/pi  score=0.7290  chaos_delta=-0.0842
  nuclear_binding x stellar_rotation: 4/pi  score=0.9760  chaos_delta=+0.0015
  orbital x stellar_kinematic: 26/pi  score=0.7421  chaos_delta=-0.1070
  orbital x stellar_rotation: 15/pi  score=0.9934  chaos_delta=+0.0020
  stellar_kinematic x stellar_rotation: 26/pi  score=0.7413  chaos_delta=+0.0001

--- PER-DOMAIN DUAL Z-SCORES (Chaos | Synthetic) ---
  Domain                           4/pi       5/pi       6/pi       7/pi       8/pi       9/pi      10/pi      11/pi      12/pi      13/pi      14/pi      15/pi      16/pi      17/pi      18/pi      19/pi      20/pi      21/pi      22/pi      23/pi      24/pi      25/pi      26/pi   Best   Interpretation
  -------------------------- ---------- ---------- ---------- ---------- ---------- ---------- ---------- ---------- ---------- ---------- ---------- ---------- ---------- ---------- ---------- ---------- ---------- ---------- ---------- ---------- ---------- ---------- ----------  ------  --------------------
     1  nuclear_binding                        43  computing...  ETA: estimating...
     1  nuclear_binding              43 |  0.2|0.8  -0.8|-0.1 -1.2|-0.6 -0.3|0.3   1.4|2.3  -1.3|-0.4 -0.5|-0.0 -0.3|0.0  -1.7|-1.1  2.7|4.0  -2.2|-1.7  6.1|0.1  -1.1|-0.6  0.8|1.3  -2.0|-1.4 -1.7|-1.1  0.0|1.0   7.2|1.1  -1.7|-0.8 -1.8|-1.1 -1.3|-0.7  2.0|2.3   4.3|5.2   21/pi   STRONG signal
     2  stellar_rotation                    2,527  computing...  ETA: 0s
     2  stellar_rotation          2,527 | -0.2|-0.0 -0.4|-0.0  0.9|1.3  -1.4|-3.8 -2.3|-2.1 -1.0|-0.6  0.4|0.1  -0.6|0.0  -0.2|0.7   0.9|1.3   0.9|-2.1 -0.6|-0.2 -3.0|-2.4 -0.6|-0.2  1.1|1.3  -1.3|-1.1 -0.9|-1.4  0.2|1.0   0.7|1.1  -0.1|0.4   0.3|1.0  -1.2|-0.6 -1.8|-0.7  18/pi   noise floor
     3  orbital                            13,514  computing...  ETA: 0s
     3  orbital                  13,514 | -3.9|-3.8  7.4|7.0  -3.9|-3.6  1.5|1.9   2.0|2.4  -3.3|-3.0 17.0|16.3 19.4|20.3 -14.4|-15.1 -8.7|-9.5 -2.6|-2.0  7.8|6.4   4.7|5.4  -10.8|-10.7 -11.7|-13.7 -11.6|-10.0 -2.8|-2.0 -16.1|-17.3 30.4|29.4 -9.8|-10.6 -10.4|-12.2 -4.4|-4.8 -13.8|-16.4  22/pi   STRONG signal
     4  biology_backbone                1,259,889  computing...  ETA: 1s
     4  biology_backbone       1,259,889 | -5.7|33.7 -4.2|38.2 -6.5|33.4 -13.9|25.9  2.5|37.0 -0.2|41.3 -18.1|17.8 -24.8|11.4 23.5|58.0  9.5|43.4  5.4|33.4 37.9|71.5 65.4|-216.2 -42.2|-10.3 -6.3|28.6 41.2|67.9 -46.8|-279.7 15.0|40.7 -5.6|27.3 -29.0|-6.0 47.8|-224.0 46.5|87.1 -24.7|-2.5  16/pi   STRONG signal
     5  stellar_kinematic               1,808,145  computing...  ETA: 41s
     5  stellar_kinematic      1,808,145 | -13.8|47.5  0.6|53.7 -10.1|52.2 -73.1|-21.8 -23.9|34.0 -72.7|-16.4 -101.5|-35.1 -52.6|7.8  79.6|137.6 -41.4|17.6 -58.9|-7.0 83.4|166.9 94.0|167.6 -11.1|47.9 -38.7|23.8 -48.3|7.9  -60.1|-1.5 -73.7|-23.1 -81.7|-18.4 -70.3|-22.8 -72.8|-37.3 -105.2|-28.1 -88.1|-35.8  16/pi   STRONG signal
     6  galactic                        1,843,110  computing...  ETA: 40s
     6  galactic               1,843,110 | -2.1|0.8   1.5|0.5  -10.8|7.7  10.2|-0.9 -12.5|3.8   8.4|13.7 -20.2|-1.5 -19.3|-0.7 -7.9|9.0  -6.6|1.3   5.1|-31.8 29.6|-4.1 16.1|4.6  -18.5|-4.9 -10.4|30.2  8.2|2.8  -11.4|3.2  57.0|17.0 -74.0|-14.3 36.1|34.3 -33.3|-30.5  7.7|40.0 -31.3|-0.7  21/pi   STRONG signal

  Z-score stage complete: 5m 22s total  | avg 53.71s per domain  | 322.3s wall time

  [z_scores_master.json written -> C:\Users\timot\Downloads\Science\src\The_Sister_Papers\lakes\unified\z_scores_master.json]

[2026-07-06 00:20:37 UTC] STAGE COMPLETE: pinch in 6m 23s

============================================================
[2026-07-06 00:20:37 UTC] PIPELINE COMPLETE
  Total runtime: 6m 23s
  Log file:      lakes\logs\run_20260706_001413.log

  Stage summary:
    [OK]   pinch        6m 23s

  Engine fingerprint: 7ec3f687e97dbc53157f487b8d3c8028c78cb29cd07bf67abd2b4a5260366c03
                      d5d1612f9caf57d6b0c21459cc7e1a582bf8bbb130a32607dec51771d0db3734
                      2556162df477b8cfd6768cf44ebe7dbaec5cc76ce4f3835fd5f8ef49e31f2837
============================================================
