KishLattice Pipeline Run Log
============================================================
run_timestamp:   20260706_002037
vol_root:        C:\Users\timot\Downloads\Science\src\The_Sister_Papers
engine_version:  7ec3f687e97dbc53157f487b8d3c8028c78cb29cd07bf67abd2b4a5260366c03d5d1612f9caf57d6b0c21459cc7e1a582bf8bbb130a32607dec51771d0db37342556162df477b8cfd6768cf44ebe7dbaec5cc76ce4f3835fd5f8ef49e31f2837
stages:          pinch
started_utc:     2026-07-06 00:20:37 UTC
============================================================


============================================================
[2026-07-06 00:20:37 UTC] STAGE: PINCH
Compute z-scores and cross-domain pinch table
============================================================
[harmonic_targets.json] Loaded 23 registers (N=4 to N=26), container=24, threshold=0.05

============================================================
  [MONITORING TIP] Open a new terminal and run:
  python engine/sidecar.py
  to view the live parallel crunching dashboard.
============================================================

Loading unified master: C:\Users\timot\Downloads\Science\src\The_Sister_Papers\lakes\unified\unified_master.jsonl
  Loading records into memory. Please wait...
    -> Parsed 379,558 records...
    -> Parsed 761,273 records...
    -> Parsed 1,139,409 records...
    -> Parsed 1,514,549 records...
    -> Parsed 1,927,304 records...
    -> Parsed 2,461,018 records...
    -> Parsed 2,996,343 records...
    -> Parsed 3,387,851 records...
    -> Parsed 3,755,879 records...
    -> Parsed 4,124,168 records...
    -> Parsed 4,492,084 records...
    -> Parsed 4,861,290 records...

  Finished loading 4,927,648 total records.
  Compressing to 32-bit Numpy Arrays for Memory-Safe IPC...

Building pinch table in PARALLEL mode...

  Loading Chaos Nulls into memory...
  Finished loading Chaos Nulls.
  Loading Synthetic Nulls into memory...
  Finished loading Synthetic Nulls.
Resuming from checkpoint: C:\Users\timot\Downloads\Science\src\The_Sister_Papers\lakes\unified\pinch_state.json
Total Combinations: 690 | Remaining: 0

Saved: C:\Users\timot\Downloads\Science\src\The_Sister_Papers\lakes\unified\pinch_table_cross_domain.json

===================================================================================================================
                                              CROSS-DOMAIN PINCH TABLE                                             
Moduli: 4/pi=1.2732  5/pi=1.5915  6/pi=1.9099  7/pi=2.2282  8/pi=2.5465  9/pi=2.8648  10/pi=3.1831  11/pi=3.5014  12/pi=3.8197  13/pi=4.1380  14/pi=4.4563  15/pi=4.7746  16/pi=5.0930  17/pi=5.4113  18/pi=5.7296  19/pi=6.0479  20/pi=6.3662  21/pi=6.6845  22/pi=7.0028  23/pi=7.3211  24/pi=7.6394  25/pi=7.9577  26/pi=8.2761
                                  dist_lock (1=perfect) | Winner + best chaos_delta per pairing                                   
===================================================================================================================
Domain                            biology_backbone                        galactic                        nuclear_binding                         orbital                        stellar_kinematic                    stellar_rotation          
------------------------------------------------------------------------------------------------------------------------------------------------------------------------------------------------------------------------------------------------
biology_backbone                         -                      (0.998,0.998,0.999) d+0.009         (0.978,0.925,0.917) d-0.001         (0.989,0.991,0.995) d+0.017         (0.464,0.510,0.546) d-0.107         (0.994,0.998,0.992) d+0.009     
galactic                    (0.998,0.998,0.999) d+0.032                      -                      (0.978,0.923,0.917) d-0.001         (0.990,0.989,0.995) d+0.017         (0.464,0.510,0.546) d-0.108         (0.996,0.998,0.992) d+0.007     
nuclear_binding             (0.978,0.925,0.917) d+0.022         (0.978,0.923,0.917) d+0.008                      -                      (0.971,0.930,0.918) d+0.037         (0.461,0.505,0.547) d-0.084         (0.976,0.925,0.911) d+0.008     
orbital                     (0.989,0.991,0.995) d+0.031         (0.990,0.989,0.995) d+0.005         (0.971,0.930,0.918) d+0.013                      -                      (0.465,0.510,0.546) d-0.107         (0.992,0.989,0.989) d+0.011     
stellar_kinematic           (0.464,0.510,0.546) d+0.000         (0.464,0.510,0.546) d+0.002         (0.461,0.505,0.547) d+0.006         (0.465,0.510,0.546) d+0.001                      -                      (0.464,0.510,0.546) d+0.001     
stellar_rotation            (0.994,0.998,0.992) d+0.027         (0.996,0.998,0.992) d+0.010         (0.976,0.925,0.911) d-0.002         (0.992,0.989,0.989) d+0.013         (0.464,0.510,0.546) d-0.108                      -                  

--- WINNER PER PAIRING ---
  biology_backbone x galactic: 6/pi  score=0.9992  chaos_delta=+0.0010
  biology_backbone x nuclear_binding: 4/pi  score=0.9783  chaos_delta=-0.0007
  biology_backbone x orbital: 6/pi  score=0.9952  chaos_delta=-0.0030
  biology_backbone x stellar_kinematic: 26/pi  score=0.7439  chaos_delta=-0.1072
  biology_backbone x stellar_rotation: 5/pi  score=0.9975  chaos_delta=+0.0046
  galactic x nuclear_binding: 4/pi  score=0.9776  chaos_delta=-0.0012
  galactic x orbital: 6/pi  score=0.9951  chaos_delta=-0.0036
  galactic x stellar_kinematic: 26/pi  score=0.7413  chaos_delta=-0.1078
  galactic x stellar_rotation: 5/pi  score=0.9980  chaos_delta=+0.0068
  nuclear_binding x orbital: 4/pi  score=0.9712  chaos_delta=-0.0066
  nuclear_binding x stellar_kinematic: 23/pi  score=0.7290  chaos_delta=-0.0842
  nuclear_binding x stellar_rotation: 4/pi  score=0.9760  chaos_delta=+0.0015
  orbital x stellar_kinematic: 26/pi  score=0.7421  chaos_delta=-0.1070
  orbital x stellar_rotation: 15/pi  score=0.9934  chaos_delta=+0.0020
  stellar_kinematic x stellar_rotation: 26/pi  score=0.7413  chaos_delta=+0.0001

--- PER-DOMAIN DUAL Z-SCORES (Chaos | Synthetic) ---
  Domain                           4/pi       5/pi       6/pi       7/pi       8/pi       9/pi      10/pi      11/pi      12/pi      13/pi      14/pi      15/pi      16/pi      17/pi      18/pi      19/pi      20/pi      21/pi      22/pi      23/pi      24/pi      25/pi      26/pi   Best   Interpretation
  -------------------------- ---------- ---------- ---------- ---------- ---------- ---------- ---------- ---------- ---------- ---------- ---------- ---------- ---------- ---------- ---------- ---------- ---------- ---------- ---------- ---------- ---------- ---------- ----------  ------  --------------------
     1  nuclear_binding                        43  computing...  ETA: estimating...
     1  nuclear_binding              43 |  0.4|1.2  -0.7|-0.2 -1.2|-0.7 -0.5|0.3   1.3|2.2  -1.1|-0.7 -0.6|0.0  -0.6|0.2  -1.8|-1.0  2.9|3.8  -2.1|-2.0  6.4|0.0  -0.9|-0.5  0.8|1.2  -2.2|-1.6 -1.6|-1.1  0.0|0.6   7.1|1.2  -1.6|-0.9 -1.5|-1.2 -1.1|-0.8  1.9|2.4   3.8|5.0   21/pi   STRONG signal
     2  stellar_rotation                    2,527  computing...  ETA: 0s
     2  stellar_rotation          2,527 | -0.3|-0.2 -0.4|-0.1  0.6|1.2  -1.2|-4.5 -2.3|-2.2 -0.9|-0.6  0.3|-0.1 -0.6|0.0  -0.1|0.6   0.8|1.1   0.9|-2.4 -0.7|-0.3 -3.0|-2.2 -0.4|-0.1  1.0|1.5  -1.4|-1.2 -0.8|-1.2  0.5|0.9   0.4|1.1   0.1|0.3   0.1|1.4  -1.3|-0.8 -1.2|-1.0  18/pi   noise floor
     3  orbital                            13,514  computing...  ETA: 0s
     3  orbital                  13,514 | -3.7|-3.6  6.4|6.9  -3.5|-3.9  1.6|1.6   1.5|2.4  -3.4|-2.9 16.7|16.3 18.5|20.8 -17.0|-14.6 -9.8|-9.6 -2.7|-2.1  8.6|7.6   4.6|5.4  -10.4|-11.1 -11.0|-14.0 -11.3|-11.1 -2.7|-1.9 -15.1|-15.8 29.5|32.5 -9.6|-10.7 -11.0|-11.2 -4.4|-4.6 -16.1|-16.6  22/pi   STRONG signal
     4  biology_backbone                1,259,889  computing...  ETA: 1s
     4  biology_backbone       1,259,889 | -5.5|27.2 -3.8|36.9 -6.2|34.2 -13.6|25.4  2.9|42.7 -0.3|39.8 -19.9|15.6 -23.3|12.6 25.4|53.2  8.4|41.4  6.3|37.9 36.2|71.2 63.4|-214.1 -35.4|-8.7 -6.0|23.1 39.4|72.5 -39.9|-280.5 15.9|44.9 -5.1|30.8 -29.7|-5.7 40.6|-207.8 58.6|79.5 -24.2|-2.3  16/pi   STRONG signal
     5  stellar_kinematic               1,808,145  computing...  ETA: 41s
     5  stellar_kinematic      1,808,145 | -15.0|58.5  0.6|57.3 -11.2|46.4 -66.5|-17.2 -23.6|40.5 -71.9|-16.2 -86.6|-29.6 -55.1|7.6  79.3|149.1 -41.2|20.4 -65.4|-6.5 90.2|174.6 93.6|156.9 -11.6|47.5 -39.7|23.3 -49.8|8.9  -62.8|-1.6 -70.2|-22.6 -84.9|-19.1 -98.4|-19.0 -85.3|-43.7 -89.0|-28.7 -82.5|-39.1  16/pi   STRONG signal
     6  galactic                        1,843,110  computing...  ETA: 40s
     6  galactic               1,843,110 | -2.1|1.2   1.5|0.5  -9.4|7.1  11.4|-0.9 -12.4|3.8   9.6|14.4 -18.3|-1.4 -20.4|-0.7 -9.3|8.4  -7.7|1.2   4.8|-27.6 33.4|-3.8 17.5|5.3  -18.2|-4.5 -11.9|25.1  7.5|3.0  -12.2|3.3  52.2|14.1 -73.3|-13.2 34.9|32.7 -35.1|-33.7  7.2|39.7 -34.3|-0.7  21/pi   STRONG signal

  Z-score stage complete: 5m 22s total  | avg 53.82s per domain  | 322.9s wall time

  [z_scores_master.json written -> C:\Users\timot\Downloads\Science\src\The_Sister_Papers\lakes\unified\z_scores_master.json]

[2026-07-06 00:27:02 UTC] STAGE COMPLETE: pinch in 6m 24s

============================================================
[2026-07-06 00:27:02 UTC] PIPELINE COMPLETE
  Total runtime: 6m 24s
  Log file:      lakes\logs\run_20260706_002037.log

  Stage summary:
    [OK]   pinch        6m 24s

  Engine fingerprint: 7ec3f687e97dbc53157f487b8d3c8028c78cb29cd07bf67abd2b4a5260366c03
                      d5d1612f9caf57d6b0c21459cc7e1a582bf8bbb130a32607dec51771d0db3734
                      2556162df477b8cfd6768cf44ebe7dbaec5cc76ce4f3835fd5f8ef49e31f2837
============================================================
